<html>
<body>
<pre>
<h1>µVision Build Log</h1>
<h2>Tool Versions:</h2>
IDE-Version: £gVision V5.24.2.0
Copyright (C) 2017 ARM Ltd and ARM Germany GmbH. All rights reserved.
License Information: 123 123, Microsoft, LIC=----
 
Tool Versions:
Toolchain:       MDK-Lite  Version: 5.24.1
Toolchain Path:  D:\Program Files\Keil_v5\ARM\ARMCC\Bin
C Compiler:      Armcc.exe V5.06 update 5 (build 528)
Assembler:       Armasm.exe V5.06 update 5 (build 528)
Linker/Locator:  ArmLink.exe V5.06 update 5 (build 528)
Library Manager: ArmAr.exe V5.06 update 5 (build 528)
Hex Converter:   FromElf.exe V5.06 update 5 (build 528)
CPU DLL:         SARM.DLL V5.24.1
Dialog DLL:      DARMSS9.DLL V1.9.0.0
Target DLL:      UL2ARM.DLL V1.74.10.0
Dialog DLL:      TARMSS9.DLL V1.8.0.0
 
<h2>Project:</h2>
D:\hello-world\S3C2440¶}µo¥]\keil_\ExampleCode\example.uvproj
Project File Date:  12/06/2017

<h2>Output:</h2>
*** Using Compiler 'V5.06 update 5 (build 528)', folder: 'D:\Program Files\Keil_v5\ARM\ARMCC\Bin'
Rebuild target 'Target 1'
assembling start.S...
compiling main.c...
linking...
Program Size: Code=176 RO-data=0 RW-data=0 ZI-data=0  
After Build - User command #1: D:\Program Files\Keil_v5\ARM\ARMCC\bin\fromelf.exe --bin --output=.\Objects\example.bin  .\Objects\*.axf
".\Objects\example.axf" - 0 Error(s), 0 Warning(s).
Build Time Elapsed:  00:00:01
</pre>
</body>
</html>
