Component: ARM Compiler 5.06 update 4 (build 422) Tool: armlink [4d35d2]

==============================================================================

Section Cross References

    start.o(RESET) refers to main.o(i.xmain) for xmain


==============================================================================

Image Symbol Table

    Local Symbols

    Symbol Name                              Value     Ov Type        Size  Object(Section)

    RESET                                    0x00000000   Section      164  start.o(RESET)
    src\main.c                               0x00000000   Number         0  main.o ABSOLUTE
    src\start.S                              0x00000000   Number         0  start.o ABSOLUTE
    i.xmain                                  0x000000a4   Section        0  main.o(i.xmain)

    Global Symbols

    Symbol Name                              Value     Ov Type        Size  Object(Section)

    BuildAttributes$$THM_ISAv1$ARM_ISAv4$S$PE$A:L22$X:L11$S22$IEEE1$IW$USESV6$~STKCKD$USESV7$~SHL$OSPACE$EBA8$STANDARDLIB$REQ8$PRES8$EABIv2 0x00000000   Number         0  anon$$obj.o ABSOLUTE
    xmain                                    0x000000a4   ARM Code       8  main.o(i.xmain)



==============================================================================

Memory Map of the image

  Image Entry point : 0x00000000

  Load Region LR_IROM1 (Base: 0x00000000, Size: 0x000000ac, Max: 0x00001000, ABSOLUTE)

    Execution Region ER_IROM1 (Base: 0x00000000, Size: 0x000000ac, Max: 0x00001000, ABSOLUTE)

    Base Addr    Size         Type   Attr      Idx    E Section Name        Object

    0x00000000   0x000000a4   Code   RO            1  * RESET               start.o
    0x000000a4   0x00000008   Code   RO            6    i.xmain             main.o


    Execution Region RW_IRAM1 (Base: 0x40000000, Size: 0x00000000, Max: 0x00001000, ABSOLUTE)

    **** No section assigned to this execution region ****


==============================================================================

Image component sizes


      Code (inc. data)   RO Data    RW Data    ZI Data      Debug   Object Name

         8          0          0          0          0       1824   main.o
       164         20          0          0          0        296   start.o

    ----------------------------------------------------------------------
       172         20          0          0          0       2120   Object Totals
         0          0          0          0          0          0   (incl. Generated)
         0          0          0          0          0          0   (incl. Padding)

    ----------------------------------------------------------------------
         0          0          0          0          0          0   Library Totals
         0          0          0          0          0          0   (incl. Padding)

    ----------------------------------------------------------------------

==============================================================================


      Code (inc. data)   RO Data    RW Data    ZI Data      Debug   

       172         20          0          0          0       2120   Grand Totals
       172         20          0          0          0       2120   ELF Image Totals
       172         20          0          0          0          0   ROM Totals

==============================================================================

    Total RO  Size (Code + RO Data)                  172 (   0.17kB)
    Total RW  Size (RW Data + ZI Data)                 0 (   0.00kB)
    Total ROM Size (Code + RO Data + RW Data)        172 (   0.17kB)

==============================================================================

