<html>
<body>
<pre>
<h1>µVision Build Log</h1>
<h2>Tool Versions:</h2>
IDE-Version: £gVision V5.20.0.39
Copyright (C) 2016 ARM Ltd and ARM Germany GmbH. All rights reserved.
License Information: 123 1, Microsoft, LIC=65ISB-2TRAQ-DY5V3-ADKL9-CCLLR-A8JX2
 
Tool Versions:
Toolchain:       MDK-ARM Plus  Version: 5.22
Toolchain Path:  D:\Programe\Keil_v5\ARM\ARMCC\Bin
C Compiler:      Armcc.exe V5.06 update 4 (build 422)
Assembler:       Armasm.exe V5.06 update 4 (build 422)
Linker/Locator:  ArmLink.exe V5.06 update 4 (build 422)
Library Manager: ArmAr.exe V5.06 update 4 (build 422)
Hex Converter:   FromElf.exe V5.06 update 4 (build 422)
CPU DLL:         SARM.DLL V5.22
Dialog DLL:      DARMSS9.DLL V???
Target DLL:      UL2ARM.DLL V1.74.10.0
Dialog DLL:      TARMSS9.DLL V1.8.0.0
 
<h2>Project:</h2>
D:\keil_\ExampleCode\example.uvproj
Project File Date:  12/06/2017

<h2>Output:</h2>
*** Using Compiler 'V5.06 update 4 (build 422)', folder: 'D:\Programe\Keil_v5\ARM\ARMCC\Bin'
Rebuild target 'Target 1'
assembling start.S...
src\start.S(27): warning: A1608W: MOV pc,<rn> instruction used, but BX <rn> is preferred
compiling main.c...
src\main.c(5): warning:  #111-D: statement is unreachable
  	return 0;
src\main.c(6): warning:  #1-D: last line of file ends without a newline
  }
src\main.c: 2 warnings, 0 errors
linking...
.\Objects\example.sct(8): warning: L6314W: No section matches pattern *(InRoot$$Sections).
Program Size: Code=52 RO-data=0 RW-data=0 ZI-data=0  
Finished: 0 information, 1 warning and 0 error messages.
After Build - User command #1: D:\Programe\Keil_v5\ARM\ARMCC\bin\fromelf.exe --bin --output=.\Objects\example.bin  .\Objects\*.axf
".\Objects\example.axf" - 0 Error(s), 4 Warning(s).
Build Time Elapsed:  00:00:00
</pre>
</body>
</html>
